Microchip MPLAB XC8 Compiler V1.12 ()

Linker command line:

--edf=C:\Program Files (x86)\Microchip\xc8\v1.12\dat\en_msgs.txt -cs \
  -h+dist/default/production\lcd-demo-pic16.X.production.sym -z -Q16F88 \
  -ol.obj -Mdist/default/production/lcd-demo-pic16.X.production.map -E1 \
  -ver=XC8 -ACONST=00h-0FFhx16 -ACODE=00h-07FFhx2 -ASTRCODE=00h-0FFFh \
  -AENTRY=00h-0FFhx16 -ASTRING=00h-0FFhx16 -ACOMMON=070h-07Fh \
  -ABANK0=020h-06Fh -ABANK1=0A0h-0EFh -ABANK2=0110h-016Fh \
  -ABANK3=0190h-01EFh -ARAM=020h-06Fh,0A0h-0EFh,0110h-016Fh,0190h-01EFh \
  -AABS1=020h-07Fh,0A0h-0EFh,0110h-016Fh,0190h-01EFh -ASFR0=00h-01Fh \
  -ASFR1=080h-09Fh -ASFR2=0100h-010Fh -ASFR3=0180h-018Fh \
  -preset_vec=00h,intentry,init,end_init -ppowerup=CODE -pfunctab=CODE \
  -ACONFIG=02007h-02008h -pconfig=CONFIG -DCONFIG=2 -AIDLOC=02000h-02003h \
  -pidloc=IDLOC -DIDLOC=2 -AEEDATA=00h-0FFh/02100h -peeprom_data=EEDATA \
  -DEEDATA=2 -DCODE=2 -DSTRCODE=2 -DSTRING=2 -DCONST=2 -DENTRY=2 -k \
  C:\Users\Ruben\AppData\Local\Temp\s5nc.obj \
  dist/default/production\lcd-demo-pic16.X.production.obj 

Object code version is 3.10

Machine type is 16F88



                Name                               Link     Load   Length Selector   Space Scale
C:\Users\Ruben\AppData\Local\Temp\s5nc.obj
                end_init                              0        0        2        0       0
                config                             2007     2007        2     400E       0
dist/default/production\lcd-demo-pic16.X.production.obj
                swtext1                              45       45       16       8A       0
                text247                             657      657       45      CAE       0
                text246                             539      539       15      A72       0
                text245                             587      587       1E      B0E       0
                text244                             5A5      5A5       22      B4A       0
                text243                             622      622       35      C44       0
                text242                             5C7      5C7       27      B8E       0
                text241                             56A      56A       1D      AD4       0
                text240                             51B      51B        F      A36       0
                text239                             52A      52A        F      A54       0
                text238                             5EE      5EE       34      BDC       0
                text237                             69C      69C       AE      D38       0
                maintext                            74A      74A       B6      E94       0
                cstackBANK0                          26       26        5       20       1
                cstackCOMMON                         70       70        E       70       1
                dataBANK0                            20       20        6       20       1
                bssBANK0                             2C       2C        1       20       1
                cinit                               54E      54E       1C      A9C       0
                nvBANK0                              2B       2B        1       20       1
                strings                               2        2       43        4       0
                idataBANK0                          515      515        6      A2A       0

TOTAL           Name                               Link     Load   Length     Space
        CLASS   CONST          
                swtext1                              45       45       16         0

        CLASS   CODE           
                end_init                              0        0        2         0
                text247                             657      657       45         0
                text246                             539      539       15         0
                text245                             587      587       1E         0
                text244                             5A5      5A5       22         0
                text243                             622      622       35         0
                text242                             5C7      5C7       27         0
                text241                             56A      56A       1D         0
                text240                             51B      51B        F         0
                text239                             52A      52A        F         0
                text238                             5EE      5EE       34         0
                text237                             69C      69C       AE         0
                maintext                            74A      74A       B6         0
                cinit                               54E      54E       1C         0
                idataBANK0                          515      515        6         0

        CLASS   STRCODE        

        CLASS   ENTRY          

        CLASS   STRING         
                strings                               2        2       43         0

        CLASS   COMMON         
                cstackCOMMON                         70       70        E         1

        CLASS   BANK0          
                cstackBANK0                          26       26        5         1
                dataBANK0                            20       20        6         1
                bssBANK0                             2C       2C        1         1
                nvBANK0                              2B       2B        1         1

        CLASS   BANK1          

        CLASS   BANK2          

        CLASS   BANK3          

        CLASS   RAM            

        CLASS   ABS1           
                abs_s1                               7E       7E        2         1

        CLASS   SFR0           

        CLASS   SFR1           

        CLASS   SFR2           

        CLASS   SFR3           

        CLASS   CONFIG         
                config                             2007     2007        2         0

        CLASS   IDLOC          

        CLASS   EEDATA         



SEGMENTS        Name                           Load    Length   Top    Selector   Space  Class     Delta

                reset_vec                      000000  000002  000002         0       0  CODE        2
                strings                        000002  000043  000045         4       0  STRING      2
                dataBANK0                      000020  00000D  00002D        20       1  BANK0       1
                cstackCOMMON                   000070  00000E  00007E        70       1  COMMON      1
                swtext1                        000045  000016  00005B        8A       0  CONST       2
                idataBANK0                     000515  000006  00051B       A2A       0  CODE        2
                text240                        00051B  00000F  00052A       A36       0  CODE        2
                text239                        00052A  00000F  000539       A54       0  CODE        2
                text246                        000539  000015  00054E       A72       0  CODE        2
                cinit                          00054E  00001C  00056A       A9C       0  CODE        2
                text241                        00056A  00001D  000587       AD4       0  CODE        2
                text245                        000587  00001E  0005A5       B0E       0  CODE        2
                text244                        0005A5  000022  0005C7       B4A       0  CODE        2
                text242                        0005C7  000027  0005EE       B8E       0  CODE        2
                text238                        0005EE  000034  000622       BDC       0  CODE        2
                text243                        000622  000035  000657       C44       0  CODE        2
                text247                        000657  000045  00069C       CAE       0  CODE        2
                text237                        00069C  0000AE  00074A       D38       0  CODE        2
                maintext                       00074A  0000B6  000800       E94       0  CODE        2
                config                         002007  000002  002009      400E       0  CONFIG      2


UNUSED ADDRESS RANGES

        Name                Unused          Largest block    Delta
        BANK0            002D-006F             43           1
        BANK1            00A0-00EF             50           1
        BANK2            0110-016F             60           1
        BANK3            0190-01EF             60           1
        CODE             005B-0514            4BA           2
                         0800-0FFF            800
        CONST            005B-0514            100           2
                         0800-0FFF            100
        EEDATA           2100-21FF            100           2
        ENTRY            005B-0514            100           2
                         0800-0FFF            100
        IDLOC            2000-2003              4           2
        RAM              002D-006F             43           1
                         00A0-00EF             50
                         0110-016F             60
                         0190-01EF             60
        SFR0             0000-001F             20           1
        SFR1             0080-009F             20           1
        SFR2             0100-010F             10           1
        SFR3             0180-018F             10           1
        STRCODE          005B-0514            4BA           2
                         0800-0FFF            800
        STRING           005B-0514            100           2
                         0800-0FFF            100

                                  Symbol Table

?_lcd_create_char         cstackCOMMON 0079
?_lcd_goto                cstackCOMMON 0079
?_lcd_init                cstackCOMMON 0079
?_lcd_ioset               cstackCOMMON 0070
?_lcd_send                cstackCOMMON 0076
_ANSEL                    (abs)        009B
_PORTA                    (abs)        0005
_PORTAbits                (abs)        0005
_PORTBbits                (abs)        0006
_TRISA                    (abs)        0085
_TRISB                    (abs)        0086
_TRISBbits                (abs)        0086
__CFG_BOREN$OFF           (abs)        0000
__CFG_CCPMX$RB0           (abs)        0000
__CFG_CP$OFF              (abs)        0000
__CFG_CPD$OFF             (abs)        0000
__CFG_FCMEN$OFF           (abs)        0000
__CFG_FOSC$XT             (abs)        0000
__CFG_IESO$OFF            (abs)        0000
__CFG_LVP$OFF             (abs)        0000
__CFG_MCLRE$ON            (abs)        0000
__CFG_PWRTE$OFF           (abs)        0000
__CFG_WDTE$OFF            (abs)        0000
__CFG_WRT$OFF             (abs)        0000
__Habs1                   abs1         0000
__Hbank0                  bank0        0000
__Hbank1                  bank1        0000
__Hbank2                  bank2        0000
__Hbank3                  bank3        0000
__HbssBANK0               bssBANK0     0000
__Hcinit                  cinit        0000
__Hclrtext                clrtext      0000
__Hcode                   code         0000
__Hcommon                 common       0000
__Hconfig                 config       2009
__HcstackBANK0            cstackBANK0  0000
__HcstackCOMMON           cstackCOMMON 0000
__HdataBANK0              dataBANK0    0000
__Heeprom_data            eeprom_data  0000
__Hend_init               end_init     0002
__Hfunctab                functab      0000
__HidataBANK0             idataBANK0   0000
__Hidloc                  idloc        0000
__Hinit                   init         0000
__Hintentry               intentry     0000
__Hmaintext               maintext     0000
__HnvBANK0                nvBANK0      0000
__Hpowerup                powerup      0000
__Hram                    ram          0000
__Hreset_vec              reset_vec    0000
__Hsfr0                   sfr0         0000
__Hsfr1                   sfr1         0000
__Hsfr2                   sfr2         0000
__Hsfr3                   sfr3         0000
__Hstrings                strings      0000
__Htext                   text         0000
__Labs1                   abs1         0000
__Lbank0                  bank0        0000
__Lbank1                  bank1        0000
__Lbank2                  bank2        0000
__Lbank3                  bank3        0000
__LbssBANK0               bssBANK0     0000
__Lcinit                  cinit        0000
__Lclrtext                clrtext      0000
__Lcode                   code         0000
__Lcommon                 common       0000
__Lconfig                 config       2007
__LcstackBANK0            cstackBANK0  0000
__LcstackCOMMON           cstackCOMMON 0000
__LdataBANK0              dataBANK0    0000
__Leeprom_data            eeprom_data  0000
__Lend_init               end_init     0000
__Lfunctab                functab      0000
__LidataBANK0             idataBANK0   0000
__Lidloc                  idloc        0000
__Linit                   init         0000
__Lintentry               intentry     0000
__Lmaintext               maintext     0000
__LnvBANK0                nvBANK0      0000
__Lpowerup                powerup      0000
__Lram                    ram          0000
__Lreset_vec              reset_vec    0000
__Lsfr0                   sfr0         0000
__Lsfr1                   sfr1         0000
__Lsfr2                   sfr2         0000
__Lsfr3                   sfr3         0000
__Lstrings                strings      0000
__Ltext                   text         0000
__S0                      (abs)        2009
__S1                      (abs)        007E
__S2                      (abs)        0000
__end_of__initialization  cinit        0567
__end_of__stringdata      strings      0045
__end_of__stringtab       strings      0008
__end_of_arrowd           strings      0010
__end_of_arrowl           strings      0018
__end_of_arrowr           strings      0020
__end_of_arrowu           strings      0028
__end_of_lcd_clear        text239      0539
__end_of_lcd_create_char  text238      0622
__end_of_lcd_goto         text242      05EE
__end_of_lcd_init         text237      074A
__end_of_lcd_ioinit       text244      05C7
__end_of_lcd_ioset        text247      069C
__end_of_lcd_iowrite4     text245      05A5
__end_of_lcd_iowrite8     text246      054E
__end_of_lcd_on           text240      052A
__end_of_lcd_puts         text241      0587
__end_of_lcd_send         text243      0657
__end_of_main             maintext     0800
__initialization          cinit        054E
__pbssBANK0               bssBANK0     002C
__pcstackBANK0            cstackBANK0  0026
__pcstackCOMMON           cstackCOMMON 0070
__pdataBANK0              dataBANK0    0020
__pidataBANK0             idataBANK0   0515
__pmaintext               maintext     074A
__pnvBANK0                nvBANK0      002B
__pstrings                strings      0002
__pswtext1                swtext1      0045
__ptext237                text237      069C
__ptext238                text238      05EE
__ptext239                text239      052A
__ptext240                text240      051B
__ptext241                text241      056A
__ptext242                text242      05C7
__ptext243                text243      0622
__ptext244                text244      05A5
__ptext245                text245      0587
__ptext246                text246      0539
__ptext247                text247      0657
__ptext248                text248      0000
__size_of_lcd_clear       (abs)        0000
__size_of_lcd_create_char (abs)        0000
__size_of_lcd_goto        (abs)        0000
__size_of_lcd_init        (abs)        0000
__size_of_lcd_ioinit      (abs)        0000
__size_of_lcd_ioset       (abs)        0000
__size_of_lcd_iowrite4    (abs)        0000
__size_of_lcd_iowrite8    (abs)        0000
__size_of_lcd_on          (abs)        0000
__size_of_lcd_puts        (abs)        0000
__size_of_lcd_send        (abs)        0000
__size_of_main            (abs)        0000
__stringdata              strings      0028
__stringtab               strings      0002
_arrowd                   strings      0008
_arrowl                   strings      0010
_arrowr                   strings      0018
_arrowu                   strings      0020
_dispctrl                 bssBANK0     002C
_iomode                   nvBANK0      002B
_lcd_clear                text239      052A
_lcd_create_char          text238      05EE
_lcd_goto                 text242      05C7
_lcd_init                 text237      069C
_lcd_ioinit               text244      05A5
_lcd_ioset                text247      0657
_lcd_iowrite4             text245      0587
_lcd_iowrite8             text246      0539
_lcd_on                   text240      051B
_lcd_puts                 text241      056A
_lcd_send                 text243      0622
_lcdcolumns               dataBANK0    0024
_lcdrows                  dataBANK0    0025
_main                     maintext     074A
_rowaddr                  dataBANK0    0020
btemp                     (abs)        007E
end_of_initialization     cinit        0567
intlevel0                 functab      0000
intlevel1                 functab      0000
intlevel2                 functab      0000
intlevel3                 functab      0000
intlevel4                 functab      0000
intlevel5                 functab      0000
lcd_create_char@chardata  cstackCOMMON 0079
lcd_create_char@charnum   cstackCOMMON 007B
lcd_create_char@i         cstackCOMMON 007C
lcd_goto@col              cstackCOMMON 007B
lcd_goto@row              cstackCOMMON 0079
lcd_init@cols             cstackCOMMON 0079
lcd_init@iodata           cstackCOMMON 007D
lcd_init@rows             cstackCOMMON 007A
lcd_ioinit@i              cstackCOMMON 0073
lcd_ioset@level           cstackCOMMON 0070
lcd_ioset@pin             cstackCOMMON 0071
lcd_iowrite4@data         cstackCOMMON 0074
lcd_iowrite4@xPortValue   cstackCOMMON 0075
lcd_iowrite8@cData        cstackCOMMON 0073
lcd_puts@string           cstackCOMMON 007A
lcd_send@data             cstackCOMMON 0078
lcd_send@rs               cstackCOMMON 0076
main@i                    cstackBANK0  0029
reset_vec                 reset_vec    0000
start                     init         0000
start_initialization      cinit        054E
wtemp0                    (abs)        007E


FUNCTION INFORMATION:

 *************** function _main *****************
 Defined at:
		line 81 in file "main.c"
 Parameters:    Size  Location     Type
		None
 Auto vars:     Size  Location     Type
  i               2    3[BANK0 ] int 
 Return value:  Size  Location     Type
		None               void
 Registers used:
		wreg, fsr0l, fsr0h, status,2, status,0, btemp+1, pclath, cstack
 Tracked objects:
		On entry : 
		On exit  : 
		Unchanged: 
 Data sizes:     COMMON   BANK0   BANK1   BANK3   BANK2
      Params:         0       0       0       0       0
      Locals:         0       2       0       0       0
      Temps:          0       3       0       0       0
      Totals:         0       5       0       0       0
Total ram usage:        5 bytes
 Hardware stack levels required when called:    4
 This function calls:
		_lcd_init
		_lcd_create_char
		_lcd_clear
		_lcd_on
		_lcd_puts
		_lcd_goto
		_lcd_send
 This function is called by:
		Startup code after reset
 This function uses a non-reentrant model


 *************** function _lcd_init *****************
 Defined at:
		line 12 in file "C:/Users/Ruben/Dropbox/Electronics/MCULib/LCD/LCD.c"
 Parameters:    Size  Location     Type
  iodata          1    wreg     PTR void 
		 -> NULL(0), 
  cols            1    9[COMMON] unsigned char 
  rows            1   10[COMMON] unsigned char 
 Auto vars:     Size  Location     Type
  iodata          1   13[COMMON] PTR void 
		 -> NULL(0), 
 Return value:  Size  Location     Type
                  1    wreg      enum E971
 Registers used:
		wreg, fsr0l, fsr0h, status,2, status,0, pclath, cstack
 Tracked objects:
		On entry : 
		On exit  : 
		Unchanged: 
 Data sizes:     COMMON   BANK0   BANK1   BANK3   BANK2
      Params:         2       0       0       0       0
      Locals:         1       0       0       0       0
      Temps:          2       0       0       0       0
      Totals:         5       0       0       0       0
Total ram usage:        5 bytes
 Hardware stack levels used:    1
 Hardware stack levels required when called:    3
 This function calls:
		_lcd_ioinit
		_lcd_iowrite4
		_lcd_send
 This function is called by:
		_main
 This function uses a non-reentrant model


 *************** function _lcd_create_char *****************
 Defined at:
		line 127 in file "C:/Users/Ruben/Dropbox/Electronics/MCULib/LCD/LCD.c"
 Parameters:    Size  Location     Type
  charnum         1    wreg     unsigned char 
  chardata        1    9[COMMON] PTR const unsigned char 
		 -> arrowd(8), arrowl(8), arrowu(8), arrowr(8), 
 Auto vars:     Size  Location     Type
  charnum         1   11[COMMON] unsigned char 
  i               1   12[COMMON] unsigned char 
 Return value:  Size  Location     Type
		None               void
 Registers used:
		wreg, fsr0l, fsr0h, status,2, status,0, pclath, cstack
 Tracked objects:
		On entry : 
		On exit  : 
		Unchanged: 
 Data sizes:     COMMON   BANK0   BANK1   BANK3   BANK2
      Params:         1       0       0       0       0
      Locals:         2       0       0       0       0
      Temps:          1       0       0       0       0
      Totals:         4       0       0       0       0
Total ram usage:        4 bytes
 Hardware stack levels used:    1
 Hardware stack levels required when called:    3
 This function calls:
		_lcd_send
 This function is called by:
		_main
 This function uses a non-reentrant model


 *************** function _lcd_clear *****************
 Defined at:
		line 58 in file "C:/Users/Ruben/Dropbox/Electronics/MCULib/LCD/LCD.c"
 Parameters:    Size  Location     Type
		None
 Auto vars:     Size  Location     Type
		None
 Return value:  Size  Location     Type
		None               void
 Registers used:
		wreg, fsr0l, fsr0h, status,2, status,0, pclath, cstack
 Tracked objects:
		On entry : 
		On exit  : 
		Unchanged: 
 Data sizes:     COMMON   BANK0   BANK1   BANK3   BANK2
      Params:         0       0       0       0       0
      Locals:         0       0       0       0       0
      Temps:          2       0       0       0       0
      Totals:         2       0       0       0       0
Total ram usage:        2 bytes
 Hardware stack levels used:    1
 Hardware stack levels required when called:    3
 This function calls:
		_lcd_send
 This function is called by:
		_main
 This function uses a non-reentrant model


 *************** function _lcd_on *****************
 Defined at:
		line 70 in file "C:/Users/Ruben/Dropbox/Electronics/MCULib/LCD/LCD.c"
 Parameters:    Size  Location     Type
		None
 Auto vars:     Size  Location     Type
		None
 Return value:  Size  Location     Type
		None               void
 Registers used:
		wreg, fsr0l, fsr0h, status,2, status,0, pclath, cstack
 Tracked objects:
		On entry : 
		On exit  : 
		Unchanged: 
 Data sizes:     COMMON   BANK0   BANK1   BANK3   BANK2
      Params:         0       0       0       0       0
      Locals:         0       0       0       0       0
      Temps:          1       0       0       0       0
      Totals:         1       0       0       0       0
Total ram usage:        1 bytes
 Hardware stack levels used:    1
 Hardware stack levels required when called:    3
 This function calls:
		_lcd_send
 This function is called by:
		_main
 This function uses a non-reentrant model


 *************** function _lcd_puts *****************
 Defined at:
		line 121 in file "C:/Users/Ruben/Dropbox/Electronics/MCULib/LCD/LCD.c"
 Parameters:    Size  Location     Type
  string          1    wreg     PTR const unsigned char 
		 -> STR_2(12), STR_1(17), 
 Auto vars:     Size  Location     Type
  string          1   10[COMMON] PTR const unsigned char 
		 -> STR_2(12), STR_1(17), 
 Return value:  Size  Location     Type
		None               void
 Registers used:
		wreg, fsr0l, fsr0h, status,2, status,0, pclath, cstack
 Tracked objects:
		On entry : 
		On exit  : 
		Unchanged: 
 Data sizes:     COMMON   BANK0   BANK1   BANK3   BANK2
      Params:         0       0       0       0       0
      Locals:         1       0       0       0       0
      Temps:          1       0       0       0       0
      Totals:         2       0       0       0       0
Total ram usage:        2 bytes
 Hardware stack levels used:    1
 Hardware stack levels required when called:    3
 This function calls:
		_lcd_send
 This function is called by:
		_main
 This function uses a non-reentrant model


 *************** function _lcd_goto *****************
 Defined at:
		line 92 in file "C:/Users/Ruben/Dropbox/Electronics/MCULib/LCD/LCD.c"
 Parameters:    Size  Location     Type
  col             1    wreg     unsigned char 
  row             1    9[COMMON] unsigned char 
 Auto vars:     Size  Location     Type
  col             1   11[COMMON] unsigned char 
 Return value:  Size  Location     Type
		None               void
 Registers used:
		wreg, fsr0l, fsr0h, status,2, status,0, pclath, cstack
 Tracked objects:
		On entry : 
		On exit  : 
		Unchanged: 
 Data sizes:     COMMON   BANK0   BANK1   BANK3   BANK2
      Params:         1       0       0       0       0
      Locals:         1       0       0       0       0
      Temps:          1       0       0       0       0
      Totals:         3       0       0       0       0
Total ram usage:        3 bytes
 Hardware stack levels used:    1
 Hardware stack levels required when called:    3
 This function calls:
		_lcd_send
 This function is called by:
		_main
 This function uses a non-reentrant model


 *************** function _lcd_send *****************
 Defined at:
		line 103 in file "C:/Users/Ruben/Dropbox/Electronics/MCULib/LCD/LCD.c"
 Parameters:    Size  Location     Type
  data            1    wreg     unsigned char 
  rs              1    6[COMMON] enum E971
 Auto vars:     Size  Location     Type
  data            1    8[COMMON] unsigned char 
 Return value:  Size  Location     Type
		None               void
 Registers used:
		wreg, fsr0l, fsr0h, status,2, status,0, pclath, cstack
 Tracked objects:
		On entry : 
		On exit  : 
		Unchanged: 
 Data sizes:     COMMON   BANK0   BANK1   BANK3   BANK2
      Params:         1       0       0       0       0
      Locals:         1       0       0       0       0
      Temps:          1       0       0       0       0
      Totals:         3       0       0       0       0
Total ram usage:        3 bytes
 Hardware stack levels used:    1
 Hardware stack levels required when called:    2
 This function calls:
		_lcd_ioset
		_lcd_iowrite4
		_lcd_iowrite8
 This function is called by:
		_main
		_lcd_init
		_lcd_clear
		_lcd_on
		_lcd_goto
		_lcd_puts
		_lcd_create_char
		_lcd_home
		_lcd_off
		_lcd_cursor
 This function uses a non-reentrant model


 *************** function _lcd_ioinit *****************
 Defined at:
		line 46 in file "C:/Users/Ruben/Dropbox/Electronics/MCULib/LCD/LCDIO- PIC16.c"
 Parameters:    Size  Location     Type
  iodata          1    wreg     PTR void 
		 -> NULL(0), 
 Auto vars:     Size  Location     Type
  iodata          1    0[COMMON] PTR void 
		 -> NULL(0), 
  i               1    3[COMMON] unsigned char 
 Return value:  Size  Location     Type
                  1    wreg      unsigned char 
 Registers used:
		wreg, fsr0l, fsr0h, status,2, status,0, pclath, cstack
 Tracked objects:
		On entry : 
		On exit  : 
		Unchanged: 
 Data sizes:     COMMON   BANK0   BANK1   BANK3   BANK2
      Params:         0       0       0       0       0
      Locals:         1       0       0       0       0
      Temps:          1       0       0       0       0
      Totals:         2       0       0       0       0
Total ram usage:        2 bytes
 Hardware stack levels used:    1
 Hardware stack levels required when called:    1
 This function calls:
		_lcd_ioset
 This function is called by:
		_lcd_init
 This function uses a non-reentrant model


 *************** function _lcd_iowrite4 *****************
 Defined at:
		line 113 in file "C:/Users/Ruben/Dropbox/Electronics/MCULib/LCD/LCDIO- PIC16.c"
 Parameters:    Size  Location     Type
  data            1    wreg     unsigned char 
 Auto vars:     Size  Location     Type
  data            1    4[COMMON] unsigned char 
  xPortValue      1    5[COMMON] unsigned char 
 Return value:  Size  Location     Type
		None               void
 Registers used:
		wreg, fsr0l, fsr0h, status,2, status,0, pclath, cstack
 Tracked objects:
		On entry : 
		On exit  : 
		Unchanged: 
 Data sizes:     COMMON   BANK0   BANK1   BANK3   BANK2
      Params:         0       0       0       0       0
      Locals:         2       0       0       0       0
      Temps:          2       0       0       0       0
      Totals:         4       0       0       0       0
Total ram usage:        4 bytes
 Hardware stack levels used:    1
 Hardware stack levels required when called:    1
 This function calls:
		_lcd_ioset
 This function is called by:
		_lcd_init
		_lcd_send
 This function uses a non-reentrant model


 *************** function _lcd_iowrite8 *****************
 Defined at:
		line 124 in file "C:/Users/Ruben/Dropbox/Electronics/MCULib/LCD/LCDIO- PIC16.c"
 Parameters:    Size  Location     Type
  cData           1    wreg     unsigned char 
 Auto vars:     Size  Location     Type
  cData           1    3[COMMON] unsigned char 
 Return value:  Size  Location     Type
		None               void
 Registers used:
		wreg, fsr0l, fsr0h, status,2, status,0, pclath, cstack
 Tracked objects:
		On entry : 
		On exit  : 
		Unchanged: 
 Data sizes:     COMMON   BANK0   BANK1   BANK3   BANK2
      Params:         0       0       0       0       0
      Locals:         1       0       0       0       0
      Temps:          1       0       0       0       0
      Totals:         2       0       0       0       0
Total ram usage:        2 bytes
 Hardware stack levels used:    1
 Hardware stack levels required when called:    1
 This function calls:
		_lcd_ioset
 This function is called by:
		_lcd_send
 This function uses a non-reentrant model


 *************** function _lcd_ioset *****************
 Defined at:
		line 65 in file "C:/Users/Ruben/Dropbox/Electronics/MCULib/LCD/LCDIO- PIC16.c"
 Parameters:    Size  Location     Type
  pin             1    wreg     enum E1000
  level           1    0[COMMON] enum E971
 Auto vars:     Size  Location     Type
  pin             1    1[COMMON] enum E1000
 Return value:  Size  Location     Type
		None               void
 Registers used:
		wreg, fsr0l, fsr0h, status,2, status,0
 Tracked objects:
		On entry : 
		On exit  : 
		Unchanged: 
 Data sizes:     COMMON   BANK0   BANK1   BANK3   BANK2
      Params:         1       0       0       0       0
      Locals:         1       0       0       0       0
      Temps:          0       0       0       0       0
      Totals:         2       0       0       0       0
Total ram usage:        2 bytes
 Hardware stack levels used:    1
 This function calls:
		Nothing
 This function is called by:
		_lcd_send
		_lcd_ioinit
		_lcd_iowrite4
		_lcd_iowrite8
 This function uses a non-reentrant model



MODULE INFORMATION

Module		Function		Class		Link	Load	Size
C:/Users/Ruben/Dropbox/Electronics/MCULib/LCD/LCD.c
		_lcd_send      		CODE           	0622	0000	53
		_lcd_create_cha		CODE           	05EE	0000	52
		_lcd_puts      		CODE           	056A	0000	29
		_lcd_clear     		CODE           	052A	0000	15
		_lcd_goto      		CODE           	05C7	0000	39
		_lcd_on        		CODE           	051B	0000	15
		_lcd_init      		CODE           	069C	0000	174

C:/Users/Ruben/Dropbox/Electronics/MCULib/LCD/LCD.c estimated size: 377

C:/Users/Ruben/Dropbox/Electronics/MCULib/LCD/LCDIO- PIC16.c
		_lcd_ioset     		CODE           	0657	0000	69
		_lcd_ioinit    		CODE           	05A5	0000	34
		_lcd_iowrite4  		CODE           	0587	0000	30
		_lcd_iowrite8  		CODE           	0539	0000	21

C:/Users/Ruben/Dropbox/Electronics/MCULib/LCD/LCDIO- PIC16.c estimated size: 154

shared
		__stringtab    		STRING         	0002	0000	6
		__stringdata   		STRING         	0028	0000	29
		__initializatio		CODE           	054E	0000	25
		_arrowl        		STRING         	0010	0000	8
		_arrowr        		STRING         	0018	0000	8
		_arrowu        		STRING         	0020	0000	8
		_arrowd        		STRING         	0008	0000	8

shared estimated size: 92

main.c
		_main          		CODE           	074A	0000	182

main.c estimated size: 182

