Microchip MPLAB XC8 Compiler V1.12 ()

Linker command line:

--edf=C:\Program Files (x86)\Microchip\xc8\v1.12\dat\en_msgs.txt -cs \
  -h+dist/default/production\lcd-demo-pic16.X.production.sym -z -Q16F88 \
  -ol.obj -Mdist/default/production/lcd-demo-pic16.X.production.map -E1 \
  -ver=XC8 -ACONST=00h-0FFhx16 -ACODE=00h-07FFhx2 -ASTRCODE=00h-0FFFh \
  -AENTRY=00h-0FFhx16 -ASTRING=00h-0FFhx16 -ACOMMON=070h-07Fh \
  -ABANK0=020h-06Fh -ABANK1=0A0h-0EFh -ABANK2=0110h-016Fh \
  -ABANK3=0190h-01EFh -ARAM=020h-06Fh,0A0h-0EFh,0110h-016Fh,0190h-01EFh \
  -AABS1=020h-07Fh,0A0h-0EFh,0110h-016Fh,0190h-01EFh -ASFR0=00h-01Fh \
  -ASFR1=080h-09Fh -ASFR2=0100h-010Fh -ASFR3=0180h-018Fh \
  -preset_vec=00h,intentry,init,end_init -ppowerup=CODE -pfunctab=CODE \
  -ACONFIG=02007h-02008h -pconfig=CONFIG -DCONFIG=2 -AIDLOC=02000h-02003h \
  -pidloc=IDLOC -DIDLOC=2 -AEEDATA=00h-0FFh/02100h -peeprom_data=EEDATA \
  -DEEDATA=2 -DCODE=2 -DSTRCODE=2 -DSTRING=2 -DCONST=2 -DENTRY=2 -k \
  C:\Users\Ruben\AppData\Local\Temp\s3ho.obj \
  dist/default/production\lcd-demo-pic16.X.production.obj 

Object code version is 3.10

Machine type is 16F88



                Name                               Link     Load   Length Selector   Space Scale
C:\Users\Ruben\AppData\Local\Temp\s3ho.obj
                end_init                              0        0        2        0       0
                config                             2007     2007        2     400E       0
dist/default/production\lcd-demo-pic16.X.production.obj
                text235                             511      511        1      A22       0
                text234                             650      650       4C      CA0       0
                text233                             611      611       3F      C22       0
                text232                             55B      55B       25      AB6       0
                text231                             5DC      5DC       35      BB8       0
                text230                             580      580       28      B00       0
                text229                             53E      53E       1D      A7C       0
                text228                             520      520        F      A40       0
                text227                             52F      52F        F      A5E       0
                text226                             5A8      5A8       34      B50       0
                text225                             69C      69C       AE      D38       0
                maintext                            74A      74A       B6      E94       0
                cstackBANK0                          20       20        5       20       1
                cstackCOMMON                         70       70        E       70       1
                dataBANK0                            25       25        2       20       1
                bssBANK0                             28       28        1       20       1
                cinit                               514      514        C      A28       0
                nvBANK0                              27       27        1       20       1
                strings                               2        2       47        4       0
                idataBANK0                          512      512        2      A24       0

TOTAL           Name                               Link     Load   Length     Space
        CLASS   CONST          

        CLASS   CODE           
                end_init                              0        0        2         0
                text235                             511      511        1         0
                text234                             650      650       4C         0
                text233                             611      611       3F         0
                text232                             55B      55B       25         0
                text231                             5DC      5DC       35         0
                text230                             580      580       28         0
                text229                             53E      53E       1D         0
                text228                             520      520        F         0
                text227                             52F      52F        F         0
                text226                             5A8      5A8       34         0
                text225                             69C      69C       AE         0
                maintext                            74A      74A       B6         0
                cinit                               514      514        C         0
                idataBANK0                          512      512        2         0

        CLASS   STRCODE        

        CLASS   ENTRY          

        CLASS   STRING         
                strings                               2        2       47         0

        CLASS   COMMON         
                cstackCOMMON                         70       70        E         1

        CLASS   BANK0          
                cstackBANK0                          20       20        5         1
                dataBANK0                            25       25        2         1
                bssBANK0                             28       28        1         1
                nvBANK0                              27       27        1         1

        CLASS   BANK1          

        CLASS   BANK2          

        CLASS   BANK3          

        CLASS   RAM            

        CLASS   ABS1           
                abs_s1                               7E       7E        2         1

        CLASS   SFR0           

        CLASS   SFR1           

        CLASS   SFR2           

        CLASS   SFR3           

        CLASS   CONFIG         
                config                             2007     2007        2         0

        CLASS   IDLOC          

        CLASS   EEDATA         



SEGMENTS        Name                           Load    Length   Top    Selector   Space  Class     Delta

                reset_vec                      000000  000002  000002         0       0  CODE        2
                strings                        000002  000047  000049         4       0  STRING      2
                cstackBANK0                    000020  000009  000029        20       1  BANK0       1
                cstackCOMMON                   000070  00000E  00007E        70       1  COMMON      1
                text235                        000511  000001  000512       A22       0  CODE        2
                idataBANK0                     000512  000002  000514       A24       0  CODE        2
                cinit                          000514  00000C  000520       A28       0  CODE        2
                text228                        000520  00000F  00052F       A40       0  CODE        2
                text227                        00052F  00000F  00053E       A5E       0  CODE        2
                text229                        00053E  00001D  00055B       A7C       0  CODE        2
                text232                        00055B  000025  000580       AB6       0  CODE        2
                text230                        000580  000028  0005A8       B00       0  CODE        2
                text226                        0005A8  000034  0005DC       B50       0  CODE        2
                text231                        0005DC  000035  000611       BB8       0  CODE        2
                text233                        000611  00003F  000650       C22       0  CODE        2
                text234                        000650  00004C  00069C       CA0       0  CODE        2
                text225                        00069C  0000AE  00074A       D38       0  CODE        2
                maintext                       00074A  0000B6  000800       E94       0  CODE        2
                config                         002007  000002  002009      400E       0  CONFIG      2


UNUSED ADDRESS RANGES

        Name                Unused          Largest block    Delta
        BANK0            0029-006F             47           1
        BANK1            00A0-00EF             50           1
        BANK2            0110-016F             60           1
        BANK3            0190-01EF             60           1
        CODE             0049-0510            4C8           2
                         0800-0FFF            800
        CONST            0049-0510            100           2
                         0800-0FFF            100
        EEDATA           2100-21FF            100           2
        ENTRY            0049-0510            100           2
                         0800-0FFF            100
        IDLOC            2000-2003              4           2
        RAM              0029-006F             47           1
                         00A0-00EF             50
                         0110-016F             60
                         0190-01EF             60
        SFR0             0000-001F             20           1
        SFR1             0080-009F             20           1
        SFR2             0100-010F             10           1
        SFR3             0180-018F             10           1
        STRCODE          0049-0510            4C8           2
                         0800-0FFF            800
        STRING           0049-0510            100           2
                         0800-0FFF            100

                                  Symbol Table

?_lcd_create_char         cstackCOMMON 0079
?_lcd_goto                cstackCOMMON 0079
?_lcd_init                cstackCOMMON 0079
?_lcd_ioset               cstackCOMMON 0070
?_lcd_send                cstackCOMMON 0076
_ANSEL                    (abs)        009B
_PORTAbits                (abs)        0005
_PORTBbits                (abs)        0006
_TRISA                    (abs)        0085
_TRISAbits                (abs)        0085
_TRISB                    (abs)        0086
_TRISBbits                (abs)        0086
__CFG_BOREN$OFF           (abs)        0000
__CFG_CCPMX$RB0           (abs)        0000
__CFG_CP$OFF              (abs)        0000
__CFG_CPD$OFF             (abs)        0000
__CFG_FCMEN$OFF           (abs)        0000
__CFG_FOSC$XT             (abs)        0000
__CFG_IESO$OFF            (abs)        0000
__CFG_LVP$OFF             (abs)        0000
__CFG_MCLRE$ON            (abs)        0000
__CFG_PWRTE$OFF           (abs)        0000
__CFG_WDTE$OFF            (abs)        0000
__CFG_WRT$OFF             (abs)        0000
__Habs1                   abs1         0000
__Hbank0                  bank0        0000
__Hbank1                  bank1        0000
__Hbank2                  bank2        0000
__Hbank3                  bank3        0000
__HbssBANK0               bssBANK0     0000
__Hcinit                  cinit        0000
__Hclrtext                clrtext      0000
__Hcode                   code         0000
__Hcommon                 common       0000
__Hconfig                 config       2009
__HcstackBANK0            cstackBANK0  0000
__HcstackCOMMON           cstackCOMMON 0000
__HdataBANK0              dataBANK0    0000
__Heeprom_data            eeprom_data  0000
__Hend_init               end_init     0002
__Hfunctab                functab      0000
__HidataBANK0             idataBANK0   0000
__Hidloc                  idloc        0000
__Hinit                   init         0000
__Hintentry               intentry     0000
__Hmaintext               maintext     0000
__HnvBANK0                nvBANK0      0000
__Hpowerup                powerup      0000
__Hram                    ram          0000
__Hreset_vec              reset_vec    0000
__Hsfr0                   sfr0         0000
__Hsfr1                   sfr1         0000
__Hsfr2                   sfr2         0000
__Hsfr3                   sfr3         0000
__Hstrings                strings      0000
__Htext                   text         0000
__Labs1                   abs1         0000
__Lbank0                  bank0        0000
__Lbank1                  bank1        0000
__Lbank2                  bank2        0000
__Lbank3                  bank3        0000
__LbssBANK0               bssBANK0     0000
__Lcinit                  cinit        0000
__Lclrtext                clrtext      0000
__Lcode                   code         0000
__Lcommon                 common       0000
__Lconfig                 config       2007
__LcstackBANK0            cstackBANK0  0000
__LcstackCOMMON           cstackCOMMON 0000
__LdataBANK0              dataBANK0    0000
__Leeprom_data            eeprom_data  0000
__Lend_init               end_init     0000
__Lfunctab                functab      0000
__LidataBANK0             idataBANK0   0000
__Lidloc                  idloc        0000
__Linit                   init         0000
__Lintentry               intentry     0000
__Lmaintext               maintext     0000
__LnvBANK0                nvBANK0      0000
__Lpowerup                powerup      0000
__Lram                    ram          0000
__Lreset_vec              reset_vec    0000
__Lsfr0                   sfr0         0000
__Lsfr1                   sfr1         0000
__Lsfr2                   sfr2         0000
__Lsfr3                   sfr3         0000
__Lstrings                strings      0000
__Ltext                   text         0000
__S0                      (abs)        2009
__S1                      (abs)        007E
__S2                      (abs)        0000
__end_of__initialization  cinit        051D
__end_of__stringdata      strings      0049
__end_of__stringtab       strings      0008
__end_of_arrowd           strings      0014
__end_of_arrowl           strings      001C
__end_of_arrowr           strings      0024
__end_of_arrowu           strings      002C
__end_of_lcd_clear        text227      053E
__end_of_lcd_create_char  text226      05DC
__end_of_lcd_goto         text230      05A8
__end_of_lcd_init         text225      074A
__end_of_lcd_ioinit       text232      0580
__end_of_lcd_ioset        text234      069C
__end_of_lcd_iowrite4     text233      0650
__end_of_lcd_iowrite8     text235      0512
__end_of_lcd_on           text228      052F
__end_of_lcd_puts         text229      055B
__end_of_lcd_send         text231      0611
__end_of_main             maintext     0800
__end_of_rowaddr          strings      000C
__initialization          cinit        0514
__pbssBANK0               bssBANK0     0028
__pcstackBANK0            cstackBANK0  0020
__pcstackCOMMON           cstackCOMMON 0070
__pdataBANK0              dataBANK0    0025
__pidataBANK0             idataBANK0   0512
__pmaintext               maintext     074A
__pnvBANK0                nvBANK0      0027
__pstrings                strings      0002
__ptext225                text225      069C
__ptext226                text226      05A8
__ptext227                text227      052F
__ptext228                text228      0520
__ptext229                text229      053E
__ptext230                text230      0580
__ptext231                text231      05DC
__ptext232                text232      055B
__ptext233                text233      0611
__ptext234                text234      0650
__ptext235                text235      0511
__ptext236                text236      0000
__size_of_lcd_clear       (abs)        0000
__size_of_lcd_create_char (abs)        0000
__size_of_lcd_goto        (abs)        0000
__size_of_lcd_init        (abs)        0000
__size_of_lcd_ioinit      (abs)        0000
__size_of_lcd_ioset       (abs)        0000
__size_of_lcd_iowrite4    (abs)        0000
__size_of_lcd_iowrite8    (abs)        0000
__size_of_lcd_on          (abs)        0000
__size_of_lcd_puts        (abs)        0000
__size_of_lcd_send        (abs)        0000
__size_of_main            (abs)        0000
__stringdata              strings      002C
__stringtab               strings      0002
_arrowd                   strings      000C
_arrowl                   strings      0014
_arrowr                   strings      001C
_arrowu                   strings      0024
_dispctrl                 bssBANK0     0028
_iomode                   nvBANK0      0027
_lcd_clear                text227      052F
_lcd_create_char          text226      05A8
_lcd_goto                 text230      0580
_lcd_init                 text225      069C
_lcd_ioinit               text232      055B
_lcd_ioset                text234      0650
_lcd_iowrite4             text233      0611
_lcd_iowrite8             text235      0511
_lcd_on                   text228      0520
_lcd_puts                 text229      053E
_lcd_send                 text231      05DC
_lcdcolumns               dataBANK0    0025
_lcdrows                  dataBANK0    0026
_main                     maintext     074A
_rowaddr                  strings      0008
btemp                     (abs)        007E
end_of_initialization     cinit        051D
intlevel0                 functab      0000
intlevel1                 functab      0000
intlevel2                 functab      0000
intlevel3                 functab      0000
intlevel4                 functab      0000
intlevel5                 functab      0000
lcd_create_char@chardata  cstackCOMMON 0079
lcd_create_char@charnum   cstackCOMMON 007B
lcd_create_char@i         cstackCOMMON 007C
lcd_goto@col              cstackCOMMON 007B
lcd_goto@row              cstackCOMMON 0079
lcd_init@cols             cstackCOMMON 0079
lcd_init@iodata           cstackCOMMON 007D
lcd_init@rows             cstackCOMMON 007A
lcd_ioinit@i              cstackCOMMON 0073
lcd_ioset@out             cstackCOMMON 0070
lcd_ioset@pin             cstackCOMMON 0071
lcd_iowrite4@data         cstackCOMMON 0074
lcd_iowrite4@i            cstackCOMMON 0075
lcd_puts@string           cstackCOMMON 007A
lcd_send@data             cstackCOMMON 0078
lcd_send@rs               cstackCOMMON 0076
main@i                    cstackBANK0  0023
reset_vec                 reset_vec    0000
start                     init         0000
start_initialization      cinit        0514
wtemp0                    (abs)        007E


FUNCTION INFORMATION:

 *************** function _main *****************
 Defined at:
		line 85 in file "main.c"
 Parameters:    Size  Location     Type
		None
 Auto vars:     Size  Location     Type
  i               2    3[BANK0 ] int 
 Return value:  Size  Location     Type
		None               void
 Registers used:
		wreg, fsr0l, fsr0h, status,2, status,0, btemp+1, pclath, cstack
 Tracked objects:
		On entry : 
		On exit  : 
		Unchanged: 
 Data sizes:     COMMON   BANK0   BANK1   BANK3   BANK2
      Params:         0       0       0       0       0
      Locals:         0       2       0       0       0
      Temps:          0       3       0       0       0
      Totals:         0       5       0       0       0
Total ram usage:        5 bytes
 Hardware stack levels required when called:    4
 This function calls:
		_lcd_init
		_lcd_create_char
		_lcd_clear
		_lcd_on
		_lcd_puts
		_lcd_goto
		_lcd_send
 This function is called by:
		Startup code after reset
 This function uses a non-reentrant model


 *************** function _lcd_init *****************
 Defined at:
		line 32 in file "../LCD.c"
 Parameters:    Size  Location     Type
  iodata          1    wreg     PTR void 
		 -> NULL(0), 
  cols            1    9[COMMON] unsigned char 
  rows            1   10[COMMON] unsigned char 
 Auto vars:     Size  Location     Type
  iodata          1   13[COMMON] PTR void 
		 -> NULL(0), 
 Return value:  Size  Location     Type
                  1    wreg      unsigned char 
 Registers used:
		wreg, fsr0l, fsr0h, status,2, status,0, pclath, cstack
 Tracked objects:
		On entry : 
		On exit  : 
		Unchanged: 
 Data sizes:     COMMON   BANK0   BANK1   BANK3   BANK2
      Params:         2       0       0       0       0
      Locals:         1       0       0       0       0
      Temps:          2       0       0       0       0
      Totals:         5       0       0       0       0
Total ram usage:        5 bytes
 Hardware stack levels used:    1
 Hardware stack levels required when called:    3
 This function calls:
		_lcd_ioinit
		_lcd_iowrite4
		_lcd_send
 This function is called by:
		_main
 This function uses a non-reentrant model


 *************** function _lcd_create_char *****************
 Defined at:
		line 183 in file "../LCD.c"
 Parameters:    Size  Location     Type
  charnum         1    wreg     unsigned char 
  chardata        1    9[COMMON] PTR const unsigned char 
		 -> arrowd(8), arrowl(8), arrowu(8), arrowr(8), 
 Auto vars:     Size  Location     Type
  charnum         1   11[COMMON] unsigned char 
  i               1   12[COMMON] unsigned char 
 Return value:  Size  Location     Type
		None               void
 Registers used:
		wreg, fsr0l, fsr0h, status,2, status,0, pclath, cstack
 Tracked objects:
		On entry : 
		On exit  : 
		Unchanged: 
 Data sizes:     COMMON   BANK0   BANK1   BANK3   BANK2
      Params:         1       0       0       0       0
      Locals:         2       0       0       0       0
      Temps:          1       0       0       0       0
      Totals:         4       0       0       0       0
Total ram usage:        4 bytes
 Hardware stack levels used:    1
 Hardware stack levels required when called:    3
 This function calls:
		_lcd_send
 This function is called by:
		_main
 This function uses a non-reentrant model


 *************** function _lcd_clear *****************
 Defined at:
		line 78 in file "../LCD.c"
 Parameters:    Size  Location     Type
		None
 Auto vars:     Size  Location     Type
		None
 Return value:  Size  Location     Type
		None               void
 Registers used:
		wreg, fsr0l, fsr0h, status,2, status,0, pclath, cstack
 Tracked objects:
		On entry : 
		On exit  : 
		Unchanged: 
 Data sizes:     COMMON   BANK0   BANK1   BANK3   BANK2
      Params:         0       0       0       0       0
      Locals:         0       0       0       0       0
      Temps:          2       0       0       0       0
      Totals:         2       0       0       0       0
Total ram usage:        2 bytes
 Hardware stack levels used:    1
 Hardware stack levels required when called:    3
 This function calls:
		_lcd_send
 This function is called by:
		_main
 This function uses a non-reentrant model


 *************** function _lcd_on *****************
 Defined at:
		line 90 in file "../LCD.c"
 Parameters:    Size  Location     Type
		None
 Auto vars:     Size  Location     Type
		None
 Return value:  Size  Location     Type
		None               void
 Registers used:
		wreg, fsr0l, fsr0h, status,2, status,0, pclath, cstack
 Tracked objects:
		On entry : 
		On exit  : 
		Unchanged: 
 Data sizes:     COMMON   BANK0   BANK1   BANK3   BANK2
      Params:         0       0       0       0       0
      Locals:         0       0       0       0       0
      Temps:          1       0       0       0       0
      Totals:         1       0       0       0       0
Total ram usage:        1 bytes
 Hardware stack levels used:    1
 Hardware stack levels required when called:    3
 This function calls:
		_lcd_send
 This function is called by:
		_main
 This function uses a non-reentrant model


 *************** function _lcd_puts *****************
 Defined at:
		line 177 in file "../LCD.c"
 Parameters:    Size  Location     Type
  string          1    wreg     PTR const unsigned char 
		 -> STR_2(12), STR_1(17), 
 Auto vars:     Size  Location     Type
  string          1   10[COMMON] PTR const unsigned char 
		 -> STR_2(12), STR_1(17), 
 Return value:  Size  Location     Type
		None               void
 Registers used:
		wreg, fsr0l, fsr0h, status,2, status,0, pclath, cstack
 Tracked objects:
		On entry : 
		On exit  : 
		Unchanged: 
 Data sizes:     COMMON   BANK0   BANK1   BANK3   BANK2
      Params:         0       0       0       0       0
      Locals:         1       0       0       0       0
      Temps:          1       0       0       0       0
      Totals:         2       0       0       0       0
Total ram usage:        2 bytes
 Hardware stack levels used:    1
 Hardware stack levels required when called:    3
 This function calls:
		_lcd_send
 This function is called by:
		_main
 This function uses a non-reentrant model


 *************** function _lcd_goto *****************
 Defined at:
		line 148 in file "../LCD.c"
 Parameters:    Size  Location     Type
  col             1    wreg     unsigned char 
  row             1    9[COMMON] unsigned char 
 Auto vars:     Size  Location     Type
  col             1   11[COMMON] unsigned char 
 Return value:  Size  Location     Type
		None               void
 Registers used:
		wreg, fsr0l, fsr0h, status,2, status,0, pclath, cstack
 Tracked objects:
		On entry : 
		On exit  : 
		Unchanged: 
 Data sizes:     COMMON   BANK0   BANK1   BANK3   BANK2
      Params:         1       0       0       0       0
      Locals:         1       0       0       0       0
      Temps:          1       0       0       0       0
      Totals:         3       0       0       0       0
Total ram usage:        3 bytes
 Hardware stack levels used:    1
 Hardware stack levels required when called:    3
 This function calls:
		_lcd_send
 This function is called by:
		_main
 This function uses a non-reentrant model


 *************** function _lcd_send *****************
 Defined at:
		line 159 in file "../LCD.c"
 Parameters:    Size  Location     Type
  data            1    wreg     unsigned char 
  rs              1    6[COMMON] unsigned char 
 Auto vars:     Size  Location     Type
  data            1    8[COMMON] unsigned char 
 Return value:  Size  Location     Type
		None               void
 Registers used:
		wreg, fsr0l, fsr0h, status,2, status,0, pclath, cstack
 Tracked objects:
		On entry : 
		On exit  : 
		Unchanged: 
 Data sizes:     COMMON   BANK0   BANK1   BANK3   BANK2
      Params:         1       0       0       0       0
      Locals:         1       0       0       0       0
      Temps:          1       0       0       0       0
      Totals:         3       0       0       0       0
Total ram usage:        3 bytes
 Hardware stack levels used:    1
 Hardware stack levels required when called:    2
 This function calls:
		_lcd_ioset
		_lcd_iowrite4
		_lcd_iowrite8
 This function is called by:
		_main
		_lcd_init
		_lcd_clear
		_lcd_on
		_lcd_goto
		_lcd_puts
		_lcd_create_char
		_lcd_home
		_lcd_off
		_lcd_cursor
		_lcd_cursor_left
		_lcd_cursor_right
		_lcd_scroll_left
		_lcd_scroll_right
		_lcd_autoscroll_on
		_lcd_autoscroll_off
 This function uses a non-reentrant model


 *************** function _lcd_ioinit *****************
 Defined at:
		line 46 in file "C:/Users/Ruben/Dropbox/Electronics/MCULib/LCD/LCD-PIC16.c"
 Parameters:    Size  Location     Type
  iodata          1    wreg     PTR void 
		 -> NULL(0), 
 Auto vars:     Size  Location     Type
  iodata          1    0[COMMON] PTR void 
		 -> NULL(0), 
  i               1    3[COMMON] unsigned char 
 Return value:  Size  Location     Type
                  1    wreg      unsigned char 
 Registers used:
		wreg, fsr0l, fsr0h, status,2, status,0, pclath, cstack
 Tracked objects:
		On entry : 
		On exit  : 
		Unchanged: 
 Data sizes:     COMMON   BANK0   BANK1   BANK3   BANK2
      Params:         0       0       0       0       0
      Locals:         1       0       0       0       0
      Temps:          1       0       0       0       0
      Totals:         2       0       0       0       0
Total ram usage:        2 bytes
 Hardware stack levels used:    1
 Hardware stack levels required when called:    1
 This function calls:
		_lcd_ioset
 This function is called by:
		_lcd_init
 This function uses a non-reentrant model


 *************** function _lcd_iowrite4 *****************
 Defined at:
		line 127 in file "C:/Users/Ruben/Dropbox/Electronics/MCULib/LCD/LCD-PIC16.c"
 Parameters:    Size  Location     Type
  data            1    wreg     unsigned char 
 Auto vars:     Size  Location     Type
  data            1    4[COMMON] unsigned char 
  i               1    5[COMMON] unsigned char 
 Return value:  Size  Location     Type
		None               void
 Registers used:
		wreg, fsr0l, fsr0h, status,2, status,0, pclath, cstack
 Tracked objects:
		On entry : 
		On exit  : 
		Unchanged: 
 Data sizes:     COMMON   BANK0   BANK1   BANK3   BANK2
      Params:         0       0       0       0       0
      Locals:         2       0       0       0       0
      Temps:          2       0       0       0       0
      Totals:         4       0       0       0       0
Total ram usage:        4 bytes
 Hardware stack levels used:    1
 Hardware stack levels required when called:    1
 This function calls:
		_lcd_ioset
 This function is called by:
		_lcd_init
		_lcd_send
 This function uses a non-reentrant model


 *************** function _lcd_ioset *****************
 Defined at:
		line 84 in file "C:/Users/Ruben/Dropbox/Electronics/MCULib/LCD/LCD-PIC16.c"
 Parameters:    Size  Location     Type
  pin             1    wreg     enum E1012
  out             1    0[COMMON] unsigned char 
 Auto vars:     Size  Location     Type
  pin             1    1[COMMON] enum E1012
 Return value:  Size  Location     Type
		None               void
 Registers used:
		wreg, fsr0l, fsr0h, status,2, status,0
 Tracked objects:
		On entry : 
		On exit  : 
		Unchanged: 
 Data sizes:     COMMON   BANK0   BANK1   BANK3   BANK2
      Params:         1       0       0       0       0
      Locals:         1       0       0       0       0
      Temps:          0       0       0       0       0
      Totals:         2       0       0       0       0
Total ram usage:        2 bytes
 Hardware stack levels used:    1
 This function calls:
		Nothing
 This function is called by:
		_lcd_send
		_lcd_ioinit
		_lcd_iowrite4
 This function uses a non-reentrant model


 *************** function _lcd_iowrite8 *****************
 Defined at:
		line 141 in file "C:/Users/Ruben/Dropbox/Electronics/MCULib/LCD/LCD-PIC16.c"
 Parameters:    Size  Location     Type
  data            1    wreg     unsigned char 
 Auto vars:     Size  Location     Type
  data            1    0[COMMON] unsigned char 
 Return value:  Size  Location     Type
		None               void
 Registers used:
		wreg
 Tracked objects:
		On entry : 
		On exit  : 
		Unchanged: 
 Data sizes:     COMMON   BANK0   BANK1   BANK3   BANK2
      Params:         0       0       0       0       0
      Locals:         0       0       0       0       0
      Temps:          0       0       0       0       0
      Totals:         0       0       0       0       0
Total ram usage:        0 bytes
 Hardware stack levels used:    1
 This function calls:
		Nothing
 This function is called by:
		_lcd_send
 This function uses a non-reentrant model



MODULE INFORMATION

Module		Function		Class		Link	Load	Size
C:/Users/Ruben/Dropbox/Electronics/MCULib/LCD/LCD-PIC16.c
		_lcd_ioset     		CODE           	0650	0000	76
		_lcd_ioinit    		CODE           	055B	0000	37
		_lcd_iowrite4  		CODE           	0611	0000	63
		_lcd_iowrite8  		CODE           	0511	0000	1

C:/Users/Ruben/Dropbox/Electronics/MCULib/LCD/LCD-PIC16.c estimated size: 177

shared
		__stringtab    		STRING         	0002	0000	6
		__stringdata   		STRING         	002C	0000	29
		_rowaddr       		STRING         	0008	0000	4
		__initializatio		CODE           	0514	0000	9
		_arrowl        		STRING         	0014	0000	8
		_arrowr        		STRING         	001C	0000	8
		_arrowu        		STRING         	0024	0000	8
		_arrowd        		STRING         	000C	0000	8

shared estimated size: 80

main.c
		_main          		CODE           	074A	0000	182

main.c estimated size: 182

../LCD.c
		_lcd_send      		CODE           	05DC	0000	53
		_lcd_create_cha		CODE           	05A8	0000	52
		_lcd_puts      		CODE           	053E	0000	29
		_lcd_clear     		CODE           	052F	0000	15
		_lcd_goto      		CODE           	0580	0000	40
		_lcd_on        		CODE           	0520	0000	15
		_lcd_init      		CODE           	069C	0000	174

../LCD.c estimated size: 378

